Determining if the pthread_create exist failed with the following output:
Change Dir: /home/petar/ros_ws/build/CMakeFiles/CMakeTmp

Run Build Command:/usr/bin/make "cmTryCompileExec2684465921/fast"
/usr/bin/make -f CMakeFiles/cmTryCompileExec2684465921.dir/build.make CMakeFiles/cmTryCompileExec2684465921.dir/build
make[1]: Entering directory `/home/petar/ros_ws/build/CMakeFiles/CMakeTmp'
/usr/bin/cmake -E cmake_progress_report /home/petar/ros_ws/build/CMakeFiles/CMakeTmp/CMakeFiles 1
Building C object CMakeFiles/cmTryCompileExec2684465921.dir/CheckSymbolExists.c.o
/usr/bin/cc    -o CMakeFiles/cmTryCompileExec2684465921.dir/CheckSymbolExists.c.o   -c /home/petar/ros_ws/build/CMakeFiles/CMakeTmp/CheckSymbolExists.c
Linking C executable cmTryCompileExec2684465921
/usr/bin/cmake -E cmake_link_script CMakeFiles/cmTryCompileExec2684465921.dir/link.txt --verbose=1
/usr/bin/cc       CMakeFiles/cmTryCompileExec2684465921.dir/CheckSymbolExists.c.o  -o cmTryCompileExec2684465921 -rdynamic 
CMakeFiles/cmTryCompileExec2684465921.dir/CheckSymbolExists.c.o: In function `main':
CheckSymbolExists.c:(.text+0x16): undefined reference to `pthread_create'
collect2: error: ld returned 1 exit status
make[1]: *** [cmTryCompileExec2684465921] Error 1
make[1]: Leaving directory `/home/petar/ros_ws/build/CMakeFiles/CMakeTmp'
make: *** [cmTryCompileExec2684465921/fast] Error 2

File /home/petar/ros_ws/build/CMakeFiles/CMakeTmp/CheckSymbolExists.c:
/* */
#include <pthread.h>

int main(int argc, char** argv)
{
  (void)argv;
#ifndef pthread_create
  return ((int*)(&pthread_create))[argc];
#else
  (void)argc;
  return 0;
#endif
}

Determining if the function pthread_create exists in the pthreads failed with the following output:
Change Dir: /home/petar/ros_ws/build/CMakeFiles/CMakeTmp

Run Build Command:/usr/bin/make "cmTryCompileExec3385280733/fast"
/usr/bin/make -f CMakeFiles/cmTryCompileExec3385280733.dir/build.make CMakeFiles/cmTryCompileExec3385280733.dir/build
make[1]: Entering directory `/home/petar/ros_ws/build/CMakeFiles/CMakeTmp'
/usr/bin/cmake -E cmake_progress_report /home/petar/ros_ws/build/CMakeFiles/CMakeTmp/CMakeFiles 1
Building C object CMakeFiles/cmTryCompileExec3385280733.dir/CheckFunctionExists.c.o
/usr/bin/cc   -DCHECK_FUNCTION_EXISTS=pthread_create   -o CMakeFiles/cmTryCompileExec3385280733.dir/CheckFunctionExists.c.o   -c /usr/share/cmake-2.8/Modules/CheckFunctionExists.c
Linking C executable cmTryCompileExec3385280733
/usr/bin/cmake -E cmake_link_script CMakeFiles/cmTryCompileExec3385280733.dir/link.txt --verbose=1
/usr/bin/cc   -DCHECK_FUNCTION_EXISTS=pthread_create    CMakeFiles/cmTryCompileExec3385280733.dir/CheckFunctionExists.c.o  -o cmTryCompileExec3385280733 -rdynamic -lpthreads 
/usr/bin/ld: cannot find -lpthreads
collect2: error: ld returned 1 exit status
make[1]: *** [cmTryCompileExec3385280733] Error 1
make[1]: Leaving directory `/home/petar/ros_ws/build/CMakeFiles/CMakeTmp'
make: *** [cmTryCompileExec3385280733/fast] Error 2


Determining if the CL_VERSION_2_0 exist failed with the following output:
Change Dir: /home/petar/ros_ws/build/CMakeFiles/CMakeTmp

Run Build Command:/usr/bin/make "cmTryCompileExec1598644672/fast"
/usr/bin/make -f CMakeFiles/cmTryCompileExec1598644672.dir/build.make CMakeFiles/cmTryCompileExec1598644672.dir/build
make[1]: Entering directory `/home/petar/ros_ws/build/CMakeFiles/CMakeTmp'
/usr/bin/cmake -E cmake_progress_report /home/petar/ros_ws/build/CMakeFiles/CMakeTmp/CMakeFiles 1
Building C object CMakeFiles/cmTryCompileExec1598644672.dir/CheckSymbolExists.c.o
/usr/bin/cc    -o CMakeFiles/cmTryCompileExec1598644672.dir/CheckSymbolExists.c.o   -c /home/petar/ros_ws/build/CMakeFiles/CMakeTmp/CheckSymbolExists.c
/home/petar/ros_ws/build/CMakeFiles/CMakeTmp/CheckSymbolExists.c: In function ‘main’:
/home/petar/ros_ws/build/CMakeFiles/CMakeTmp/CheckSymbolExists.c:8:19: error: ‘CL_VERSION_2_0’ undeclared (first use in this function)
   return ((int*)(&CL_VERSION_2_0))[argc];
                   ^
/home/petar/ros_ws/build/CMakeFiles/CMakeTmp/CheckSymbolExists.c:8:19: note: each undeclared identifier is reported only once for each function it appears in
make[1]: *** [CMakeFiles/cmTryCompileExec1598644672.dir/CheckSymbolExists.c.o] Error 1
make[1]: Leaving directory `/home/petar/ros_ws/build/CMakeFiles/CMakeTmp'
make: *** [cmTryCompileExec1598644672/fast] Error 2

File /home/petar/ros_ws/build/CMakeFiles/CMakeTmp/CheckSymbolExists.c:
/* */
#include </usr/include/CL/cl.h>

int main(int argc, char** argv)
{
  (void)argv;
#ifndef CL_VERSION_2_0
  return ((int*)(&CL_VERSION_2_0))[argc];
#else
  (void)argc;
  return 0;
#endif
}

